Microchip MPLAB XC8 Compiler V2.31

Linker command line:

-W-3 --edf=C:\Program Files\Microchip\xc8\v2.31\pic\dat\en_msgs.txt -cn \
  -h+dist/default/production\MASTER.X.production.sym \
  --cmf=dist/default/production\MASTER.X.production.cmf -z -Q16F887 \
  -oC:\Users\USUARI~1\AppData\Local\Temp\sdfg.2 --defsym=__MPLAB_BUILD=1 \
  -Mdist/default/production/MASTER.X.production.map -E1 -ver=XC8 Compiler \
  -ASTACK=0110h-016Fh -pstack=STACK -ACODE=00h-07FFhx4 -ASTRCODE=00h-01FFFh \
  -ASTRING=00h-0FFhx32 -ACONST=00h-0FFhx32 -AENTRY=00h-0FFhx32 \
  -ACOMMON=070h-07Fh -ABANK0=020h-06Fh -ABANK1=0A0h-0EFh \
  -ABANK2=0110h-016Fh -ABANK3=0190h-01EFh \
  -ARAM=020h-06Fh,0A0h-0EFh,0110h-016Fh,0190h-01EFh \
  -AABS1=020h-07Fh,0A0h-0EFh,0110h-016Fh,0190h-01EFh -ASFR0=00h-01Fh \
  -ASFR1=080h-09Fh -ASFR2=0100h-010Fh -ASFR3=0180h-018Fh \
  -ACONFIG=02007h-02008h -DCONFIG=2 -AIDLOC=02000h-02003h -DIDLOC=2 \
  -AEEDATA=00h-0FFh/02100h -peeprom_data=EEDATA -DEEDATA=2 -DCODE=2 \
  -DSTRCODE=2 -DSTRING=2 -DCONST=2 -DENTRY=2 \
  -preset_vec=00h,intentry,init,end_init -ppowerup=CODE -pcinit=CODE \
  -pfunctab=ENTRY -k C:\Users\USUARI~1\AppData\Local\Temp\sdfg.o \
  dist/default/production\MASTER.X.production.o 

Object code version is 3.11

Machine type is 16F887



                Name                               Link     Load   Length Selector   Space Scale
C:\Users\USUARI~1\AppData\Local\Temp\sdfg.o
                end_init                              0        0        3        0       0
                config                             2007     2007        2        0       4
dist/default/production\MASTER.X.production.o
                cinit                               7EE      7EE       12      FDC       0
                text4_split_1                       148      148      6A6      290       0
                config                             2007     2007        2        0       4
                text43                             1DB8     1DB8        7     3B70       0
                text42                             1DCF     1DCF        9     3B9E       0
                text41                             1DB2     1DB2        6     3B64       0
                text40                             1F64     1F64       32     3EC8       0
                text39                             1112     1112       3E     2224       0
                text38                             1E37     1E37       20     3C6E       0
                text37                             1285     1285       66     250A       0
                text36                             1DEC     1DEC        C     3BD8       0
                text35                             1F0A     1F0A       2B     3E14       0
                text34                             13BA     13BA       7C     2774       0
                text33                             1E9B     1E9B       25     3D36       0
                text32                             1DAD     1DAD        5     3B5A       0
                text31                                5        5        D        A       0
                text30                             1DBF     1DBF        8     3B7E       0
                text29                             1DD8     1DD8        A     3BB0       0
                text28                             1F96     1F96       32     3F2C       0
                text27                             1E77     1E77       24     3CEE       0
                text26                             1E0A     1E0A       16     3C14       0
                text25                             1E57     1E57       20     3CAE       0
                text24                             1FC8     1FC8       38     3F90       0
                text23                             1DE2     1DE2        A     3BC4       0
                text22                               12       12      136       24       0
                text21                             1EC0     1EC0       25     3D80       0
                text20                             1436     1436       8C     286C       0
                text19                             12EB     12EB       66     25D6       0
                text18                             11D6     11D6       56     23AC       0
                text17                             1F35     1F35       2F     3E6A       0
                text16                             1EE5     1EE5       25     3DCA       0
                text15                             15A7     15A7      12C     2B4E       0
                text14                              81F      81F       BD     103E       0
                text13                             1E20     1E20       17     3C40       0
                text12                             14C2     14C2       E5     2984       0
                text11                             1192     1192       44     2324       0
                text10                             10D8     10D8       3A     21B0       0
                text9                               8DC      8DC      1A1     11B8       0
                text8                              1DF8     1DF8       12     3BF0       0
                text7                              1351     1351       69     26A2       0
                text6                              122C     122C       59     2458       0
                text5                               A7D      A7D      2AB     14FA       0
                text4                               D28      D28      2D8     1A50       0
                text3                              10A6     10A6       32     214C       0
                text2                               803      803       1C     1006       0
                text1                              1150     1150       42     22A0       0
                maintext                           16D3     16D3      12D     2DA6       0
                cstackBANK0                          20       20       4D       20       1
                cstackCOMMON                         70       70        E       70       1
                cstackBANK1                          BA       BA       19       A0       1
                clrtext                            1DC7     1DC7        8     3B8E       0
                bssBANK1                             A0       A0       1A       A0       1
                bssBANK0                             6D       6D        3       20       1
                strings                            1000     1000       A6     2000       0

TOTAL           Name                               Link     Load   Length     Space
        CLASS   STACK          

        CLASS   CODE           
                end_init                              0        0        3         0
                cinit                               7EE      7EE       12         0
                text4_split_1                       148      148      6A6         0
                text43                             1DB8     1DB8        7         0
                text42                             1DCF     1DCF        9         0
                text41                             1DB2     1DB2        6         0
                text40                             1F64     1F64       32         0
                text39                             1112     1112       3E         0
                text38                             1E37     1E37       20         0
                text37                             1285     1285       66         0
                text36                             1DEC     1DEC        C         0
                text35                             1F0A     1F0A       2B         0
                text34                             13BA     13BA       7C         0
                text33                             1E9B     1E9B       25         0
                text32                             1DAD     1DAD        5         0
                text31                                5        5        D         0
                text30                             1DBF     1DBF        8         0
                text29                             1DD8     1DD8        A         0
                text28                             1F96     1F96       32         0
                text27                             1E77     1E77       24         0
                text26                             1E0A     1E0A       16         0
                text25                             1E57     1E57       20         0
                text24                             1FC8     1FC8       38         0
                text23                             1DE2     1DE2        A         0
                text22                               12       12      136         0
                text21                             1EC0     1EC0       25         0
                text20                             1436     1436       8C         0
                text19                             12EB     12EB       66         0
                text18                             11D6     11D6       56         0
                text17                             1F35     1F35       2F         0
                text16                             1EE5     1EE5       25         0
                text15                             15A7     15A7      12C         0
                text14                              81F      81F       BD         0
                text13                             1E20     1E20       17         0
                text12                             14C2     14C2       E5         0
                text11                             1192     1192       44         0
                text10                             10D8     10D8       3A         0
                text9                               8DC      8DC      1A1         0
                text8                              1DF8     1DF8       12         0
                text7                              1351     1351       69         0
                text6                              122C     122C       59         0
                text5                               A7D      A7D      2AB         0
                text4                               D28      D28      2D8         0
                text3                              10A6     10A6       32         0
                text2                               803      803       1C         0
                text1                              1150     1150       42         0
                maintext                           16D3     16D3      12D         0
                clrtext                            1DC7     1DC7        8         0

        CLASS   STRCODE        

        CLASS   STRING         
                strings                            1000     1000       A6         0

        CLASS   CONST          

        CLASS   ENTRY          

        CLASS   COMMON         
                cstackCOMMON                         70       70        E         1

        CLASS   BANK0          
                cstackBANK0                          20       20       4D         1
                bssBANK0                             6D       6D        3         1

        CLASS   BANK1          
                cstackBANK1                          BA       BA       19         1
                bssBANK1                             A0       A0       1A         1

        CLASS   BANK2          

        CLASS   BANK3          

        CLASS   RAM            

        CLASS   ABS1           
                abs_s1                               7E       7E        2         1

        CLASS   SFR0           

        CLASS   SFR1           

        CLASS   SFR2           

        CLASS   SFR3           

        CLASS   CONFIG         
                config                             2007     2007        2         4

        CLASS   IDLOC          

        CLASS   EEDATA         



SEGMENTS        Name                           Load    Length   Top    Selector   Space  Class     Delta

                reset_vec                      000000  000003  000003         0       0  CODE        2
                text31                         000005  00000D  000012         A       0  CODE        2
                cstackBANK0                    000020  000050  000070        20       1  BANK0       1
                text22                         000012  000136  000148        24       0  CODE        2
                cstackCOMMON                   000070  00000E  00007E        70       1  COMMON      1
                bssBANK1                       0000A0  000033  0000D3        A0       1  BANK1       1
                text4_split_1                  000148  0006A6  0007EE       290       0  CODE        2
                cinit                          0007EE  000012  000800       FDC       0  CODE        2
                text2                          000803  00001C  00081F      1006       0  CODE        2
                text14                         00081F  0000BD  0008DC      103E       0  CODE        2
                text9                          0008DC  0001A1  000A7D      11B8       0  CODE        2
                text5                          000A7D  0002AB  000D28      14FA       0  CODE        2
                text4                          000D28  0002D8  001000      1A50       0  CODE        2
                strings                        001000  0000A6  0010A6      2000       0  STRING      2
                text3                          0010A6  000032  0010D8      214C       0  CODE        2
                text10                         0010D8  00003A  001112      21B0       0  CODE        2
                text39                         001112  00003E  001150      2224       0  CODE        2
                text1                          001150  000042  001192      22A0       0  CODE        2
                text11                         001192  000044  0011D6      2324       0  CODE        2
                text18                         0011D6  000056  00122C      23AC       0  CODE        2
                text6                          00122C  000059  001285      2458       0  CODE        2
                text37                         001285  000066  0012EB      250A       0  CODE        2
                text19                         0012EB  000066  001351      25D6       0  CODE        2
                text7                          001351  000069  0013BA      26A2       0  CODE        2
                text34                         0013BA  00007C  001436      2774       0  CODE        2
                text20                         001436  00008C  0014C2      286C       0  CODE        2
                text12                         0014C2  0000E5  0015A7      2984       0  CODE        2
                text15                         0015A7  00012C  0016D3      2B4E       0  CODE        2
                maintext                       0016D3  00012D  001800      2DA6       0  CODE        2
                text32                         001DAD  000005  001DB2      3B5A       0  CODE        2
                text41                         001DB2  000006  001DB8      3B64       0  CODE        2
                text43                         001DB8  000007  001DBF      3B70       0  CODE        2
                text30                         001DBF  000008  001DC7      3B7E       0  CODE        2
                clrtext                        001DC7  000008  001DCF      3B8E       0  CODE        2
                text42                         001DCF  000009  001DD8      3B9E       0  CODE        2
                text29                         001DD8  00000A  001DE2      3BB0       0  CODE        2
                text23                         001DE2  00000A  001DEC      3BC4       0  CODE        2
                text36                         001DEC  00000C  001DF8      3BD8       0  CODE        2
                text8                          001DF8  000012  001E0A      3BF0       0  CODE        2
                text26                         001E0A  000016  001E20      3C14       0  CODE        2
                text13                         001E20  000017  001E37      3C40       0  CODE        2
                text38                         001E37  000020  001E57      3C6E       0  CODE        2
                text25                         001E57  000020  001E77      3CAE       0  CODE        2
                text27                         001E77  000024  001E9B      3CEE       0  CODE        2
                text33                         001E9B  000025  001EC0      3D36       0  CODE        2
                text21                         001EC0  000025  001EE5      3D80       0  CODE        2
                text16                         001EE5  000025  001F0A      3DCA       0  CODE        2
                text35                         001F0A  00002B  001F35      3E14       0  CODE        2
                text17                         001F35  00002F  001F64      3E6A       0  CODE        2
                text40                         001F64  000032  001F96      3EC8       0  CODE        2
                text28                         001F96  000032  001FC8      3F2C       0  CODE        2
                text24                         001FC8  000038  002000      3F90       0  CODE        2


UNUSED ADDRESS RANGES

        Name                Unused          Largest block    Delta
        BANK1            000D3-000EF              1D           1
        BANK2            00110-0016F              60           1
        BANK3            00190-001EF              60           1
        CODE             00003-00004               2           2
                         00800-00802               3
                         01800-01DAC             5AD
        CONST            00003-00004               2           2
                         00800-00802               3
                         01800-01DAC             100
        EEDATA           02100-021FF             100           2
        ENTRY            00003-00004               2           2
                         00800-00802               3
                         01800-01DAC             100
        IDLOC            02000-02003               4           2
        RAM              000D3-000EF              1D           1
                         00110-0016F              60
                         00190-001EF              60
        SFR0             00000-0001F              20           1
        SFR1             00080-0009F              20           1
        SFR2             00100-0010F              10           1
        SFR3             00180-0018F              10           1
        STACK            00110-0016F              60           1
        STRCODE          00003-00004               2           2
                         00800-00802               3
                         01800-01DAC             5AD
        STRING           00003-00004               2           2
                         00800-00802               3
                         01800-01DAC             100

                                  Symbol Table

?___awdiv                    cstackCOMMON 00077
?___awmod                    cstackCOMMON 00070
?___awtoft                   cstackCOMMON 00078
?___ftadd                    cstackBANK0  00048
?___ftmul                    cstackBANK0  00028
?___ftneg                    cstackCOMMON 00070
?___ftpack                   cstackCOMMON 00070
?___ftsub                    cstackBANK0  00055
?___fttol                    cstackBANK0  00041
?___lldiv                    cstackCOMMON 00070
?___llmod                    cstackBANK0  00020
?___lltoft                   cstackCOMMON 00078
?___lwdiv                    cstackCOMMON 00076
?___lwmod                    cstackCOMMON 00070
?___wmul                     cstackCOMMON 00070
?__div_to_l_                 cstackCOMMON 00070
?__tdiv_to_l_                cstackCOMMON 00070
?_fround                     cstackBANK0  00038
?_scale                      cstackBANK0  00038
?_sprintf                    cstackBANK0  0005B
CMDs@a                       cstackCOMMON 00073
Write_USART@a                cstackCOMMON 00070
Write_USART_String@a         cstackCOMMON 00071
Write_USART_String@i         cstackCOMMON 00074
_ADC                         bssBANK0     0006E
_ADC2                        bssBANK0     0006D
_ADCread                     text40       01F64
_ANSEL                       (abs)        00188
_ANSELH                      (abs)        00189
_BUFFER                      bssBANK1     000A6
_CMDs                        text38       01E37
_LCD_init                    text37       01285
_PORTCbits                   (abs)        00007
_PORTD                       (abs)        00008
_PORTE                       (abs)        00009
_RCIF                        (abs)        00065
_RCREG                       (abs)        0001A
_RCSTAbits                   (abs)        00018
_RD0                         (abs)        00040
_RD1                         (abs)        00041
_RD2                         (abs)        00042
_RD3                         (abs)        00043
_RD4                         (abs)        00044
_RD5                         (abs)        00045
_RD6                         (abs)        00046
_RD7                         (abs)        00047
_RE0                         (abs)        00048
_RE1                         (abs)        00049
_SPBRG                       (abs)        00099
_SSPBUF                      (abs)        00013
_SSPCON                      (abs)        00014
_SSPSTAT                     (abs)        00094
_SSPSTATbits                 (abs)        00094
_TEMP                        bssBANK1     000A0
_TRISC0                      (abs)        00438
_TRISC1                      (abs)        00439
_TRISC2                      (abs)        0043A
_TRISC3                      (abs)        0043B
_TRISC5                      (abs)        0043D
_TRISD                       (abs)        00088
_TRISE                       (abs)        00089
_TRMT                        (abs)        004C1
_TXREG                       (abs)        00019
_TXSTAbits                   (abs)        00098
_V1                          bssBANK1     000A3
_Write_USART                 text36       01DEC
_Write_USART_String          text35       01F0A
__Habs1                      abs1         00000
__Hbank0                     bank0        00000
__Hbank1                     bank1        00000
__Hbank2                     bank2        00000
__Hbank3                     bank3        00000
__HbssBANK0                  bssBANK0     00000
__HbssBANK1                  bssBANK1     00000
__Hcinit                     cinit        00800
__Hclrtext                   clrtext      00000
__Hcode                      code         00000
__Hcommon                    common       00000
__Hconfig                    config       02009
__HcstackBANK0               cstackBANK0  00000
__HcstackBANK1               cstackBANK1  00000
__HcstackCOMMON              cstackCOMMON 00000
__Heeprom_data               eeprom_data  00000
__Hend_init                  end_init     00003
__Hfunctab                   functab      00000
__Hinit                      init         00000
__Hintentry                  intentry     00000
__Hmaintext                  maintext     00000
__Hpowerup                   powerup      00000
__Hram                       ram          00000
__Hreset_vec                 reset_vec    00000
__Hsfr0                      sfr0         00000
__Hsfr1                      sfr1         00000
__Hsfr2                      sfr2         00000
__Hsfr3                      sfr3         00000
__Hspace_0                   (abs)        02000
__Hspace_1                   (abs)        000D3
__Hspace_2                   (abs)        00000
__Hspace_3                   (abs)        00000
__Hspace_4                   (abs)        04010
__Hstack                     stack        00000
__Hstrings                   strings      00000
__Htext                      text         00000
__Labs1                      abs1         00000
__Lbank0                     bank0        00000
__Lbank1                     bank1        00000
__Lbank2                     bank2        00000
__Lbank3                     bank3        00000
__LbssBANK0                  bssBANK0     00000
__LbssBANK1                  bssBANK1     00000
__Lcinit                     cinit        007EE
__Lclrtext                   clrtext      00000
__Lcode                      code         00000
__Lcommon                    common       00000
__Lconfig                    config       00000
__LcstackBANK0               cstackBANK0  00000
__LcstackBANK1               cstackBANK1  00000
__LcstackCOMMON              cstackCOMMON 00000
__Leeprom_data               eeprom_data  00000
__Lend_init                  end_init     00000
__Lfunctab                   functab      00000
__Linit                      init         00000
__Lintentry                  intentry     00000
__Lmaintext                  maintext     00000
__Lpowerup                   powerup      00000
__Lram                       ram          00000
__Lreset_vec                 reset_vec    00000
__Lsfr0                      sfr0         00000
__Lsfr1                      sfr1         00000
__Lsfr2                      sfr2         00000
__Lsfr3                      sfr3         00000
__Lspace_0                   (abs)        00000
__Lspace_1                   (abs)        00000
__Lspace_2                   (abs)        00000
__Lspace_3                   (abs)        00000
__Lspace_4                   (abs)        00000
__Lstack                     stack        00000
__Lstrings                   strings      00000
__Ltext                      text         00000
__S0                         (abs)        02000
__S1                         (abs)        000D3
__S2                         (abs)        00000
__S3                         (abs)        00000
___awdiv                     text7        01351
___awdiv@counter             cstackBANK0  00020
___awdiv@dividend            cstackCOMMON 00079
___awdiv@divisor             cstackCOMMON 00077
___awdiv@quotient            cstackBANK0  00022
___awdiv@sign                cstackBANK0  00021
___awmod                     text6        0122C
___awmod@counter             cstackCOMMON 00075
___awmod@dividend            cstackCOMMON 00072
___awmod@divisor             cstackCOMMON 00070
___awmod@sign                cstackCOMMON 00076
___awtoft                    text33       01E9B
___awtoft@c                  cstackCOMMON 00078
___awtoft@sign               cstackCOMMON 0007D
___bmul                      text13       01E20
___bmul@multiplicand         cstackBANK0  00024
___bmul@multiplier           cstackBANK0  00027
___bmul@product              cstackBANK0  00026
___ftadd                     text22       00012
___ftadd@exp1                cstackBANK0  00054
___ftadd@exp2                cstackBANK0  00053
___ftadd@f1                  cstackBANK0  00048
___ftadd@f2                  cstackBANK0  0004B
___ftadd@sign                cstackBANK0  00052
___ftge                      text24       01FC8
___ftge@ff1                  cstackCOMMON 00070
___ftge@ff2                  cstackCOMMON 00073
___ftmul                     text12       014C2
___ftmul@cntr                cstackBANK0  00036
___ftmul@exp                 cstackBANK0  00032
___ftmul@f1                  cstackBANK0  00028
___ftmul@f2                  cstackBANK0  0002B
___ftmul@f3_as_product       cstackBANK0  00033
___ftmul@sign                cstackBANK0  00037
___ftneg                     text23       01DE2
___ftneg@f1                  cstackCOMMON 00070
___ftpack                    text34       013BA
___ftpack@arg                cstackCOMMON 00070
___ftpack@exp                cstackCOMMON 00073
___ftpack@sign               cstackCOMMON 00074
___ftsub                     text21       01EC0
___ftsub@f1                  cstackBANK0  00058
___ftsub@f2                  cstackBANK0  00055
___fttol                     text20       01436
___fttol@exp1                cstackBANK0  0004E
___fttol@f1                  cstackBANK0  00041
___fttol@lval                cstackBANK0  0004A
___fttol@sign1               cstackBANK0  00049
___int_sp                    stack        00000
___latbits                   (abs)        00002
___lldiv                     text19       012EB
___lldiv@counter             cstackCOMMON 0007D
___lldiv@dividend            cstackCOMMON 00074
___lldiv@divisor             cstackCOMMON 00070
___lldiv@quotient            cstackCOMMON 00079
___llmod                     text18       011D6
___llmod@counter             cstackBANK0  00029
___llmod@dividend            cstackBANK0  00024
___llmod@divisor             cstackBANK0  00020
___lltoft                    text17       01F35
___lltoft@c                  cstackCOMMON 00078
___lltoft@exp                cstackCOMMON 0007D
___lwdiv                     text11       01192
___lwdiv@counter             cstackCOMMON 0007D
___lwdiv@dividend            cstackCOMMON 00078
___lwdiv@divisor             cstackCOMMON 00076
___lwdiv@quotient            cstackCOMMON 0007B
___lwmod                     text10       010D8
___lwmod@counter             cstackCOMMON 00075
___lwmod@dividend            cstackCOMMON 00072
___lwmod@divisor             cstackCOMMON 00070
___sp                        stack        00000
___stackhi                   (abs)        00000
___stacklo                   (abs)        00000
___wmul                      text16       01EE5
___wmul@multiplicand         cstackCOMMON 00072
___wmul@multiplier           cstackCOMMON 00070
___wmul@product              cstackCOMMON 00074
__baudios                    text32       01DAD
__div_to_l_                  text15       015A7
__div_to_l_@cntr             cstackBANK0  00024
__div_to_l_@exp1             cstackBANK0  00025
__div_to_l_@f1               cstackCOMMON 00070
__div_to_l_@f2               cstackCOMMON 00073
__div_to_l_@quot             cstackBANK0  00020
__end_of_ADCread             text40       01F96
__end_of_CMDs                text38       01E57
__end_of_LCD_init            text37       012EB
__end_of_Write_USART         text36       01DF8
__end_of_Write_USART_String  text35       01F35
__end_of___awdiv             text7        013BA
__end_of___awmod             text6        01285
__end_of___awtoft            text33       01EC0
__end_of___bmul              text13       01E37
__end_of___ftadd             text22       00148
__end_of___ftge              text24       02000
__end_of___ftmul             text12       015A7
__end_of___ftneg             text23       01DEC
__end_of___ftpack            text34       01436
__end_of___ftsub             text21       01EE5
__end_of___fttol             text20       014C2
__end_of___lldiv             text19       01351
__end_of___llmod             text18       0122C
__end_of___lltoft            text17       01F64
__end_of___lwdiv             text11       011D6
__end_of___lwmod             text10       01112
__end_of___wmul              text16       01F0A
__end_of__baudios            text32       01DB2
__end_of__div_to_l_          text15       016D3
__end_of__initialization     cinit        007FC
__end_of__npowers_           strings      0105E
__end_of__powers_            strings      01037
__end_of__stringtab          strings      01010
__end_of__tdiv_to_l_         text14       008DC
__end_of_clear_LCD           text31       00012
__end_of_config_rcsta        text30       01DC7
__end_of_config_txsta        text29       01DE2
__end_of_contador            text28       01FC8
__end_of_dpowers             strings      01086
__end_of_fround              text9        00A7D
__end_of_isdigit             text8        01E0A
__end_of_main                maintext     01800
__end_of_port                text39       01150
__end_of_scale               text5        00D28
__end_of_set_cursor          text27       01E9B
__end_of_setup               text25       01E77
__end_of_spiInit             text26       01E20
__end_of_spiRead             text42       01DD8
__end_of_spiReceiveWait      text43       01DBF
__end_of_spiWrite            text41       01DB8
__end_of_sprintf             text4_split_1 007EE
__end_of_temperatura         text3        010D8
__end_of_write_char          text2        0081F
__end_of_write_string        text1        01192
__initialization             cinit        007EE
__npowers_                   strings      01037
__pbssBANK0                  bssBANK0     0006D
__pbssBANK1                  bssBANK1     000A0
__pcstackBANK0               cstackBANK0  00020
__pcstackBANK1               cstackBANK1  000BA
__pcstackCOMMON              cstackCOMMON 00070
__pmaintext                  maintext     016D3
__powers_                    strings      01010
__pstrings                   strings      01000
__ptext1                     text1        01150
__ptext10                    text10       010D8
__ptext11                    text11       01192
__ptext12                    text12       014C2
__ptext13                    text13       01E20
__ptext14                    text14       0081F
__ptext15                    text15       015A7
__ptext16                    text16       01EE5
__ptext17                    text17       01F35
__ptext18                    text18       011D6
__ptext19                    text19       012EB
__ptext2                     text2        00803
__ptext20                    text20       01436
__ptext21                    text21       01EC0
__ptext22                    text22       00012
__ptext23                    text23       01DE2
__ptext24                    text24       01FC8
__ptext25                    text25       01E57
__ptext26                    text26       01E0A
__ptext27                    text27       01E77
__ptext28                    text28       01F96
__ptext29                    text29       01DD8
__ptext3                     text3        010A6
__ptext30                    text30       01DBF
__ptext31                    text31       00005
__ptext32                    text32       01DAD
__ptext33                    text33       01E9B
__ptext34                    text34       013BA
__ptext35                    text35       01F0A
__ptext36                    text36       01DEC
__ptext37                    text37       01285
__ptext38                    text38       01E37
__ptext39                    text39       01112
__ptext4                     text4        00D28
__ptext40                    text40       01F64
__ptext41                    text41       01DB2
__ptext42                    text42       01DCF
__ptext43                    text43       01DB8
__ptext5                     text5        00A7D
__ptext6                     text6        0122C
__ptext7                     text7        01351
__ptext8                     text8        01DF8
__ptext9                     text9        008DC
__size_of_ADCread            (abs)        00000
__size_of_CMDs               (abs)        00000
__size_of_LCD_init           (abs)        00000
__size_of_Write_USART        (abs)        00000
__size_of_Write_USART_String (abs)        00000
__size_of___awdiv            (abs)        00000
__size_of___awmod            (abs)        00000
__size_of___awtoft           (abs)        00000
__size_of___bmul             (abs)        00000
__size_of___ftadd            (abs)        00000
__size_of___ftge             (abs)        00000
__size_of___ftmul            (abs)        00000
__size_of___ftneg            (abs)        00000
__size_of___ftpack           (abs)        00000
__size_of___ftsub            (abs)        00000
__size_of___fttol            (abs)        00000
__size_of___lldiv            (abs)        00000
__size_of___llmod            (abs)        00000
__size_of___lltoft           (abs)        00000
__size_of___lwdiv            (abs)        00000
__size_of___lwmod            (abs)        00000
__size_of___wmul             (abs)        00000
__size_of__baudios           (abs)        00000
__size_of__div_to_l_         (abs)        00000
__size_of__tdiv_to_l_        (abs)        00000
__size_of_clear_LCD          (abs)        00000
__size_of_config_rcsta       (abs)        00000
__size_of_config_txsta       (abs)        00000
__size_of_contador           (abs)        00000
__size_of_fround             (abs)        00000
__size_of_isdigit            (abs)        00000
__size_of_main               (abs)        00000
__size_of_port               (abs)        00000
__size_of_scale              (abs)        00000
__size_of_set_cursor         (abs)        00000
__size_of_setup              (abs)        00000
__size_of_spiInit            (abs)        00000
__size_of_spiRead            (abs)        00000
__size_of_spiReceiveWait     (abs)        00000
__size_of_spiWrite           (abs)        00000
__size_of_sprintf            (abs)        00000
__size_of_temperatura        (abs)        00000
__size_of_write_char         (abs)        00000
__size_of_write_string       (abs)        00000
__stringbase                 strings      0100F
__stringtab                  strings      01000
__tdiv_to_l_                 text14       0081F
__tdiv_to_l_@cntr            cstackBANK0  00024
__tdiv_to_l_@exp1            cstackBANK0  00025
__tdiv_to_l_@f1              cstackCOMMON 00070
__tdiv_to_l_@f2              cstackCOMMON 00073
__tdiv_to_l_@quot            cstackBANK0  00020
_clear_LCD                   text31       00005
_config_rcsta                text30       01DBF
_config_txsta                text29       01DD8
_cont                        bssBANK0     0006F
_contador                    text28       01F96
_dpowers                     strings      0105E
_fround                      text9        008DC
_fround$1084                 cstackBANK0  00044
_fround$1085                 cstackBANK0  00041
_isdigit                     text8        01DF8
_isdigit$889                 cstackCOMMON 00070
_main                        maintext     016D3
_port                        text39       01112
_scale                       text5        00A7D
_scale$1086                  cstackBANK0  0003D
_set_cursor                  text27       01E77
_setup                       text25       01E57
_spiInit                     text26       01E0A
_spiRead                     text42       01DCF
_spiReceiveWait              text43       01DB8
_spiWrite                    text41       01DB2
_sprintf                     text4        00D28
_sprintf$1087                cstackBANK1  000BA
_temperatura                 text3        010A6
_write_char                  text2        00803
_write_string                text1        01150
btemp                        (abs)        0007E
clear_ram0                   clrtext      01DC7
end_of_initialization        cinit        007FC
fround@prec                  cstackBANK0  00047
intlevel0                    functab      00000
intlevel1                    functab      00000
intlevel2                    functab      00000
intlevel3                    functab      00000
intlevel4                    functab      00000
intlevel5                    functab      00000
isdigit@c                    cstackCOMMON 00071
pnum$text4                   (abs)        0000E
pnum$text4_split_1           (abs)        00037
port@a                       cstackCOMMON 00070
psplit$0                     (abs)        E0037
reset_vec                    reset_vec    00000
scale@scl                    cstackBANK0  00040
set_cursor@a                 cstackCOMMON 00076
set_cursor@b                 cstackCOMMON 00074
set_cursor@x                 cstackCOMMON 00077
spiInit@sClockIdle           cstackCOMMON 00071
spiInit@sDataSample          cstackCOMMON 00070
spiInit@sTransmitEdge        cstackCOMMON 00072
spiInit@sType                cstackCOMMON 00073
spiWrite@dat                 cstackCOMMON 00070
sprintf@ap                   cstackBANK1  000BD
sprintf@c                    cstackBANK1  000D2
sprintf@eexp                 cstackBANK1  000CA
sprintf@f                    cstackBANK0  0005B
sprintf@flag                 cstackBANK1  000BE
sprintf@fval                 cstackBANK1  000CC
sprintf@prec                 cstackBANK1  000D0
sprintf@sp                   cstackBANK1  000CF
sprintf@tmpval               cstackBANK1  000C2
sprintf@val                  cstackBANK1  000C6
sprintf@width                cstackBANK1  000C0
start                        init         00000
start_initialization         cinit        007EE
write_char@a                 cstackCOMMON 00072
write_string@a               cstackCOMMON 00073
write_string@i               cstackCOMMON 00078
wtemp0                       (abs)        0007E


FUNCTION INFORMATION:

 *************** function _main *****************
 Defined at:
		line 55 in file "master.c"
 Parameters:    Size  Location     Type
		None
 Auto vars:     Size  Location     Type
		None
 Return value:  Size  Location     Type
                  1    wreg      void 
 Registers used:
		wreg, fsr0l, fsr0h, status,2, status,0, btemp+1, pclath, cstack
 Tracked objects:
		On entry : 
		On exit  : 
		Unchanged: 
 Data sizes:     COMMON   BANK0   BANK1   BANK3   BANK2
      Params:         0       0       0       0       0
      Locals:         0       0       0       0       0
      Temps:          0       3       0       0       0
      Totals:         0       3       0       0       0
Total ram usage:        3 bytes
 Hardware stack levels required when called:    4
 This function calls:
		_ADCread
		_LCD_init
		_Write_USART
		_Write_USART_String
		___awtoft
		___ftmul
		__baudios
		_clear_LCD
		_config_rcsta
		_config_txsta
		_contador
		_set_cursor
		_setup
		_sprintf
		_temperatura
		_write_string
 This function is called by:
		Startup code after reset
 This function uses a non-reentrant model


 *************** function _write_string *****************
 Defined at:
		line 99 in file "LCD.c"
 Parameters:    Size  Location     Type
  a               2    3[COMMON] PTR unsigned char 
		 -> BUFFER(20), STR_1(14), 
 Auto vars:     Size  Location     Type
  i               2    8[COMMON] int 
 Return value:  Size  Location     Type
                  1    wreg      void 
 Registers used:
		wreg, fsr0l, fsr0h, status,2, status,0, btemp+1, pclath, cstack
 Tracked objects:
		On entry : 
		On exit  : 
		Unchanged: 
 Data sizes:     COMMON   BANK0   BANK1   BANK3   BANK2
      Params:         2       0       0       0       0
      Locals:         2       0       0       0       0
      Temps:          3       0       0       0       0
      Totals:         7       0       0       0       0
Total ram usage:        7 bytes
 Hardware stack levels used:    1
 Hardware stack levels required when called:    2
 This function calls:
		_write_char
 This function is called by:
		_main
 This function uses a non-reentrant model


 *************** function _write_char *****************
 Defined at:
		line 89 in file "LCD.c"
 Parameters:    Size  Location     Type
  a               1    wreg     unsigned char 
 Auto vars:     Size  Location     Type
  a               1    2[COMMON] unsigned char 
 Return value:  Size  Location     Type
                  1    wreg      void 
 Registers used:
		wreg, status,2, status,0, pclath, cstack
 Tracked objects:
		On entry : 
		On exit  : 
		Unchanged: 
 Data sizes:     COMMON   BANK0   BANK1   BANK3   BANK2
      Params:         0       0       0       0       0
      Locals:         1       0       0       0       0
      Temps:          1       0       0       0       0
      Totals:         2       0       0       0       0
Total ram usage:        2 bytes
 Hardware stack levels used:    1
 Hardware stack levels required when called:    1
 This function calls:
		_port
 This function is called by:
		_write_string
 This function uses a non-reentrant model


 *************** function _temperatura *****************
 Defined at:
		line 114 in file "master.c"
 Parameters:    Size  Location     Type
		None
 Auto vars:     Size  Location     Type
		None
 Return value:  Size  Location     Type
                  1    wreg      void 
 Registers used:
		wreg, status,2, status,0, pclath, cstack
 Tracked objects:
		On entry : 
		On exit  : 
		Unchanged: 
 Data sizes:     COMMON   BANK0   BANK1   BANK3   BANK2
      Params:         0       0       0       0       0
      Locals:         0       0       0       0       0
      Temps:          2       0       0       0       0
      Totals:         2       0       0       0       0
Total ram usage:        2 bytes
 Hardware stack levels used:    1
 Hardware stack levels required when called:    2
 This function calls:
		_spiRead
		_spiWrite
 This function is called by:
		_main
 This function uses a non-reentrant model


 *************** function _sprintf *****************
 Defined at:
		line 505 in file "C:\Program Files\Microchip\xc8\v2.31\pic\sources\c90\common\doprnt.c"
 Parameters:    Size  Location     Type
  sp              1    wreg     PTR unsigned char 
		 -> BUFFER(20), 
  f               1   59[BANK0 ] PTR const unsigned char 
		 -> STR_2(18), 
 Auto vars:     Size  Location     Type
  sp              1   21[BANK1 ] PTR unsigned char 
		 -> BUFFER(20), 
  val             4   12[BANK1 ] unsigned long 
  tmpval          4    8[BANK1 ] struct .
  fval            3   18[BANK1 ] struct .
  prec            2   22[BANK1 ] int 
  eexp            2   16[BANK1 ] int 
  width           2    6[BANK1 ] int 
  flag            2    4[BANK1 ] unsigned short 
  cp              2    0        PTR const unsigned char 
  len             2    0        unsigned int 
  c               1   24[BANK1 ] unsigned char 
  ap              1    3[BANK1 ] PTR void [1]
		 -> ?_sprintf(2), 
  d               1    0        unsigned char 
 Return value:  Size  Location     Type
                  2   59[BANK0 ] int 
 Registers used:
		wreg, fsr0l, fsr0h, status,2, status,0, btemp+1, pclath, cstack
 Tracked objects:
		On entry : 
		On exit  : 
		Unchanged: 
 Data sizes:     COMMON   BANK0   BANK1   BANK3   BANK2
      Params:         0       9       0       0       0
      Locals:         0       0      25       0       0
      Temps:          0       6       0       0       0
      Totals:         0      15      25       0       0
Total ram usage:       40 bytes
 Hardware stack levels used:    1
 Hardware stack levels required when called:    3
 This function calls:
		___awdiv
		___ftadd
		___ftge
		___ftmul
		___ftneg
		___ftsub
		___fttol
		___lldiv
		___llmod
		___lltoft
		___wmul
		__div_to_l_
		__tdiv_to_l_
		_fround
		_isdigit
		_scale
 This function is called by:
		_main
 This function uses a non-reentrant model


 *************** function _scale *****************
 Defined at:
		line 433 in file "C:\Program Files\Microchip\xc8\v2.31\pic\sources\c90\common\doprnt.c"
 Parameters:    Size  Location     Type
  scl             1    wreg     char 
 Auto vars:     Size  Location     Type
  scl             1   32[BANK0 ] char 
 Return value:  Size  Location     Type
                  3   24[BANK0 ] char 
 Registers used:
		wreg, fsr0l, fsr0h, status,2, status,0, pclath, cstack
 Tracked objects:
		On entry : 
		On exit  : 
		Unchanged: 
 Data sizes:     COMMON   BANK0   BANK1   BANK3   BANK2
      Params:         0       3       0       0       0
      Locals:         0       4       0       0       0
      Temps:          0       2       0       0       0
      Totals:         0       9       0       0       0
Total ram usage:        9 bytes
 Hardware stack levels used:    1
 Hardware stack levels required when called:    2
 This function calls:
		___awdiv
		___awmod
		___bmul
		___ftmul
 This function is called by:
		_sprintf
 This function uses a non-reentrant model


 *************** function ___awmod *****************
 Defined at:
		line 5 in file "C:\Program Files\Microchip\xc8\v2.31\pic\sources\c90\common\awmod.c"
 Parameters:    Size  Location     Type
  divisor         2    0[COMMON] int 
  dividend        2    2[COMMON] int 
 Auto vars:     Size  Location     Type
  sign            1    6[COMMON] unsigned char 
  counter         1    5[COMMON] unsigned char 
 Return value:  Size  Location     Type
                  2    0[COMMON] int 
 Registers used:
		wreg, status,2, status,0
 Tracked objects:
		On entry : 
		On exit  : 
		Unchanged: 
 Data sizes:     COMMON   BANK0   BANK1   BANK3   BANK2
      Params:         4       0       0       0       0
      Locals:         2       0       0       0       0
      Temps:          1       0       0       0       0
      Totals:         7       0       0       0       0
Total ram usage:        7 bytes
 Hardware stack levels used:    1
 This function calls:
		Nothing
 This function is called by:
		_scale
 This function uses a non-reentrant model


 *************** function ___awdiv *****************
 Defined at:
		line 5 in file "C:\Program Files\Microchip\xc8\v2.31\pic\sources\c90\common\awdiv.c"
 Parameters:    Size  Location     Type
  divisor         2    7[COMMON] int 
  dividend        2    9[COMMON] int 
 Auto vars:     Size  Location     Type
  quotient        2    2[BANK0 ] int 
  sign            1    1[BANK0 ] unsigned char 
  counter         1    0[BANK0 ] unsigned char 
 Return value:  Size  Location     Type
                  2    7[COMMON] int 
 Registers used:
		wreg, status,2, status,0
 Tracked objects:
		On entry : 
		On exit  : 
		Unchanged: 
 Data sizes:     COMMON   BANK0   BANK1   BANK3   BANK2
      Params:         4       0       0       0       0
      Locals:         0       4       0       0       0
      Temps:          1       0       0       0       0
      Totals:         5       4       0       0       0
Total ram usage:        9 bytes
 Hardware stack levels used:    1
 This function calls:
		Nothing
 This function is called by:
		_scale
		_sprintf
 This function uses a non-reentrant model


 *************** function _isdigit *****************
 Defined at:
		line 8 in file "C:\Program Files\Microchip\xc8\v2.31\pic\sources\c90\common\isdigit.c"
 Parameters:    Size  Location     Type
  c               1    wreg     unsigned char 
 Auto vars:     Size  Location     Type
  c               1    1[COMMON] unsigned char 
 Return value:  Size  Location     Type
		None               void
 Registers used:
		wreg, status,2, status,0
 Tracked objects:
		On entry : 
		On exit  : 
		Unchanged: 
 Data sizes:     COMMON   BANK0   BANK1   BANK3   BANK2
      Params:         0       0       0       0       0
      Locals:         2       0       0       0       0
      Temps:          0       0       0       0       0
      Totals:         2       0       0       0       0
Total ram usage:        2 bytes
 Hardware stack levels used:    1
 This function calls:
		Nothing
 This function is called by:
		_sprintf
 This function uses a non-reentrant model


 *************** function _fround *****************
 Defined at:
		line 417 in file "C:\Program Files\Microchip\xc8\v2.31\pic\sources\c90\common\doprnt.c"
 Parameters:    Size  Location     Type
  prec            1    wreg     unsigned char 
 Auto vars:     Size  Location     Type
  prec            1   39[BANK0 ] unsigned char 
 Return value:  Size  Location     Type
                  3   24[BANK0 ] unsigned char 
 Registers used:
		wreg, fsr0l, fsr0h, status,2, status,0, pclath, cstack
 Tracked objects:
		On entry : 
		On exit  : 
		Unchanged: 
 Data sizes:     COMMON   BANK0   BANK1   BANK3   BANK2
      Params:         0       3       0       0       0
      Locals:         0       7       0       0       0
      Temps:          0       6       0       0       0
      Totals:         0      16       0       0       0
Total ram usage:       16 bytes
 Hardware stack levels used:    1
 Hardware stack levels required when called:    2
 This function calls:
		___bmul
		___ftmul
		___lwdiv
		___lwmod
 This function is called by:
		_sprintf
 This function uses a non-reentrant model


 *************** function ___lwmod *****************
 Defined at:
		line 5 in file "C:\Program Files\Microchip\xc8\v2.31\pic\sources\c90\common\lwmod.c"
 Parameters:    Size  Location     Type
  divisor         2    0[COMMON] unsigned int 
  dividend        2    2[COMMON] unsigned int 
 Auto vars:     Size  Location     Type
  counter         1    5[COMMON] unsigned char 
 Return value:  Size  Location     Type
                  2    0[COMMON] unsigned int 
 Registers used:
		wreg, status,2, status,0
 Tracked objects:
		On entry : 
		On exit  : 
		Unchanged: 
 Data sizes:     COMMON   BANK0   BANK1   BANK3   BANK2
      Params:         4       0       0       0       0
      Locals:         1       0       0       0       0
      Temps:          1       0       0       0       0
      Totals:         6       0       0       0       0
Total ram usage:        6 bytes
 Hardware stack levels used:    1
 This function calls:
		Nothing
 This function is called by:
		_fround
 This function uses a non-reentrant model


 *************** function ___lwdiv *****************
 Defined at:
		line 5 in file "C:\Program Files\Microchip\xc8\v2.31\pic\sources\c90\common\lwdiv.c"
 Parameters:    Size  Location     Type
  divisor         2    6[COMMON] unsigned int 
  dividend        2    8[COMMON] unsigned int 
 Auto vars:     Size  Location     Type
  quotient        2   11[COMMON] unsigned int 
  counter         1   13[COMMON] unsigned char 
 Return value:  Size  Location     Type
                  2    6[COMMON] unsigned int 
 Registers used:
		wreg, status,2, status,0
 Tracked objects:
		On entry : 
		On exit  : 
		Unchanged: 
 Data sizes:     COMMON   BANK0   BANK1   BANK3   BANK2
      Params:         4       0       0       0       0
      Locals:         3       0       0       0       0
      Temps:          1       0       0       0       0
      Totals:         8       0       0       0       0
Total ram usage:        8 bytes
 Hardware stack levels used:    1
 This function calls:
		Nothing
 This function is called by:
		_fround
 This function uses a non-reentrant model


 *************** function ___ftmul *****************
 Defined at:
		line 62 in file "C:\Program Files\Microchip\xc8\v2.31\pic\sources\c90\common\ftmul.c"
 Parameters:    Size  Location     Type
  f1              3    8[BANK0 ] float 
  f2              3   11[BANK0 ] float 
 Auto vars:     Size  Location     Type
  f3_as_produc    3   19[BANK0 ] unsigned um
  sign            1   23[BANK0 ] unsigned char 
  cntr            1   22[BANK0 ] unsigned char 
  exp             1   18[BANK0 ] unsigned char 
 Return value:  Size  Location     Type
                  3    8[BANK0 ] float 
 Registers used:
		wreg, status,2, status,0, pclath, cstack
 Tracked objects:
		On entry : 
		On exit  : 
		Unchanged: 
 Data sizes:     COMMON   BANK0   BANK1   BANK3   BANK2
      Params:         0       6       0       0       0
      Locals:         0       6       0       0       0
      Temps:          0       4       0       0       0
      Totals:         0      16       0       0       0
Total ram usage:       16 bytes
 Hardware stack levels used:    1
 Hardware stack levels required when called:    1
 This function calls:
		___ftpack
 This function is called by:
		_main
		_fround
		_scale
		_sprintf
 This function uses a non-reentrant model


 *************** function ___bmul *****************
 Defined at:
		line 4 in file "C:\Program Files\Microchip\xc8\v2.31\pic\sources\c90\common\Umul8.c"
 Parameters:    Size  Location     Type
  multiplier      1    wreg     unsigned char 
  multiplicand    1    4[BANK0 ] unsigned char 
 Auto vars:     Size  Location     Type
  multiplier      1    7[BANK0 ] unsigned char 
  product         1    6[BANK0 ] unsigned char 
 Return value:  Size  Location     Type
                  1    wreg      unsigned char 
 Registers used:
		wreg, status,2, status,0
 Tracked objects:
		On entry : 
		On exit  : 
		Unchanged: 
 Data sizes:     COMMON   BANK0   BANK1   BANK3   BANK2
      Params:         0       1       0       0       0
      Locals:         0       2       0       0       0
      Temps:          0       1       0       0       0
      Totals:         0       4       0       0       0
Total ram usage:        4 bytes
 Hardware stack levels used:    1
 This function calls:
		Nothing
 This function is called by:
		_fround
		_scale
 This function uses a non-reentrant model


 *************** function __tdiv_to_l_ *****************
 Defined at:
		line 60 in file "C:\Program Files\Microchip\xc8\v2.31\pic\sources\c90\common\ftdivl.c"
 Parameters:    Size  Location     Type
  f1              3    0[COMMON] float 
  f2              3    3[COMMON] float 
 Auto vars:     Size  Location     Type
  quot            4    0[BANK0 ] unsigned long 
  exp1            1    5[BANK0 ] unsigned char 
  cntr            1    4[BANK0 ] unsigned char 
 Return value:  Size  Location     Type
                  4    0[COMMON] unsigned long 
 Registers used:
		wreg, status,2, status,0
 Tracked objects:
		On entry : 
		On exit  : 
		Unchanged: 
 Data sizes:     COMMON   BANK0   BANK1   BANK3   BANK2
      Params:         6       0       0       0       0
      Locals:         0       6       0       0       0
      Temps:          4       0       0       0       0
      Totals:        10       6       0       0       0
Total ram usage:       16 bytes
 Hardware stack levels used:    1
 This function calls:
		Nothing
 This function is called by:
		_sprintf
 This function uses a non-reentrant model


 *************** function __div_to_l_ *****************
 Defined at:
		line 60 in file "C:\Program Files\Microchip\xc8\v2.31\pic\sources\c90\common\fldivl.c"
 Parameters:    Size  Location     Type
  f1              3    0[COMMON] unsigned long 
  f2              3    3[COMMON] unsigned long 
 Auto vars:     Size  Location     Type
  quot            4    0[BANK0 ] unsigned long 
  exp1            1    5[BANK0 ] unsigned char 
  cntr            1    4[BANK0 ] unsigned char 
 Return value:  Size  Location     Type
                  4    0[COMMON] unsigned long 
 Registers used:
		wreg, fsr0l, fsr0h, status,2, status,0
 Tracked objects:
		On entry : 
		On exit  : 
		Unchanged: 
 Data sizes:     COMMON   BANK0   BANK1   BANK3   BANK2
      Params:         6       0       0       0       0
      Locals:         0       6       0       0       0
      Temps:          8       0       0       0       0
      Totals:        14       6       0       0       0
Total ram usage:       20 bytes
 Hardware stack levels used:    1
 This function calls:
		Nothing
 This function is called by:
		_sprintf
 This function uses a non-reentrant model


 *************** function ___wmul *****************
 Defined at:
		line 15 in file "C:\Program Files\Microchip\xc8\v2.31\pic\sources\c90\common\Umul16.c"
 Parameters:    Size  Location     Type
  multiplier      2    0[COMMON] unsigned int 
  multiplicand    2    2[COMMON] unsigned int 
 Auto vars:     Size  Location     Type
  product         2    4[COMMON] unsigned int 
 Return value:  Size  Location     Type
                  2    0[COMMON] unsigned int 
 Registers used:
		wreg, status,2, status,0
 Tracked objects:
		On entry : 
		On exit  : 
		Unchanged: 
 Data sizes:     COMMON   BANK0   BANK1   BANK3   BANK2
      Params:         4       0       0       0       0
      Locals:         2       0       0       0       0
      Temps:          0       0       0       0       0
      Totals:         6       0       0       0       0
Total ram usage:        6 bytes
 Hardware stack levels used:    1
 This function calls:
		Nothing
 This function is called by:
		_sprintf
 This function uses a non-reentrant model


 *************** function ___lltoft *****************
 Defined at:
		line 35 in file "C:\Program Files\Microchip\xc8\v2.31\pic\sources\c90\common\lltoft.c"
 Parameters:    Size  Location     Type
  c               4    8[COMMON] unsigned long 
 Auto vars:     Size  Location     Type
  exp             1   13[COMMON] unsigned char 
 Return value:  Size  Location     Type
                  3    8[COMMON] float 
 Registers used:
		wreg, status,2, status,0, pclath, cstack
 Tracked objects:
		On entry : 
		On exit  : 
		Unchanged: 
 Data sizes:     COMMON   BANK0   BANK1   BANK3   BANK2
      Params:         4       0       0       0       0
      Locals:         1       0       0       0       0
      Temps:          1       0       0       0       0
      Totals:         6       0       0       0       0
Total ram usage:        6 bytes
 Hardware stack levels used:    1
 Hardware stack levels required when called:    1
 This function calls:
		___ftpack
 This function is called by:
		_sprintf
 This function uses a non-reentrant model


 *************** function ___llmod *****************
 Defined at:
		line 5 in file "C:\Program Files\Microchip\xc8\v2.31\pic\sources\c90\common\llmod.c"
 Parameters:    Size  Location     Type
  divisor         4    0[BANK0 ] unsigned long 
  dividend        4    4[BANK0 ] unsigned long 
 Auto vars:     Size  Location     Type
  counter         1    9[BANK0 ] unsigned char 
 Return value:  Size  Location     Type
                  4    0[BANK0 ] unsigned long 
 Registers used:
		wreg, status,2, status,0
 Tracked objects:
		On entry : 
		On exit  : 
		Unchanged: 
 Data sizes:     COMMON   BANK0   BANK1   BANK3   BANK2
      Params:         0       8       0       0       0
      Locals:         0       1       0       0       0
      Temps:          0       1       0       0       0
      Totals:         0      10       0       0       0
Total ram usage:       10 bytes
 Hardware stack levels used:    1
 This function calls:
		Nothing
 This function is called by:
		_sprintf
 This function uses a non-reentrant model


 *************** function ___lldiv *****************
 Defined at:
		line 5 in file "C:\Program Files\Microchip\xc8\v2.31\pic\sources\c90\common\__lldiv.c"
 Parameters:    Size  Location     Type
  divisor         4    0[COMMON] unsigned long 
  dividend        4    4[COMMON] unsigned long 
 Auto vars:     Size  Location     Type
  quotient        4    9[COMMON] unsigned long 
  counter         1   13[COMMON] unsigned char 
 Return value:  Size  Location     Type
                  4    0[COMMON] unsigned long 
 Registers used:
		wreg, status,2, status,0
 Tracked objects:
		On entry : 
		On exit  : 
		Unchanged: 
 Data sizes:     COMMON   BANK0   BANK1   BANK3   BANK2
      Params:         8       0       0       0       0
      Locals:         5       0       0       0       0
      Temps:          1       0       0       0       0
      Totals:        14       0       0       0       0
Total ram usage:       14 bytes
 Hardware stack levels used:    1
 This function calls:
		Nothing
 This function is called by:
		_sprintf
 This function uses a non-reentrant model


 *************** function ___fttol *****************
 Defined at:
		line 44 in file "C:\Program Files\Microchip\xc8\v2.31\pic\sources\c90\common\fttol.c"
 Parameters:    Size  Location     Type
  f1              3   33[BANK0 ] float 
 Auto vars:     Size  Location     Type
  lval            4   42[BANK0 ] unsigned long 
  exp1            1   46[BANK0 ] unsigned char 
  sign1           1   41[BANK0 ] unsigned char 
 Return value:  Size  Location     Type
                  4   33[BANK0 ] long 
 Registers used:
		wreg, status,2, status,0
 Tracked objects:
		On entry : 
		On exit  : 
		Unchanged: 
 Data sizes:     COMMON   BANK0   BANK1   BANK3   BANK2
      Params:         0       4       0       0       0
      Locals:         0       6       0       0       0
      Temps:          0       4       0       0       0
      Totals:         0      14       0       0       0
Total ram usage:       14 bytes
 Hardware stack levels used:    1
 This function calls:
		Nothing
 This function is called by:
		_sprintf
 This function uses a non-reentrant model


 *************** function ___ftsub *****************
 Defined at:
		line 17 in file "C:\Program Files\Microchip\xc8\v2.31\pic\sources\c90\common\ftsub.c"
 Parameters:    Size  Location     Type
  f2              3   53[BANK0 ] float 
  f1              3   56[BANK0 ] float 
 Auto vars:     Size  Location     Type
		None
 Return value:  Size  Location     Type
                  3   53[BANK0 ] float 
 Registers used:
		wreg, status,2, status,0, pclath, cstack
 Tracked objects:
		On entry : 
		On exit  : 
		Unchanged: 
 Data sizes:     COMMON   BANK0   BANK1   BANK3   BANK2
      Params:         0       6       0       0       0
      Locals:         0       0       0       0       0
      Temps:          0       0       0       0       0
      Totals:         0       6       0       0       0
Total ram usage:        6 bytes
 Hardware stack levels used:    1
 Hardware stack levels required when called:    2
 This function calls:
		___ftadd
 This function is called by:
		_sprintf
 This function uses a non-reentrant model


 *************** function ___ftadd *****************
 Defined at:
		line 86 in file "C:\Program Files\Microchip\xc8\v2.31\pic\sources\c90\common\ftadd.c"
 Parameters:    Size  Location     Type
  f1              3   40[BANK0 ] float 
  f2              3   43[BANK0 ] float 
 Auto vars:     Size  Location     Type
  exp1            1   52[BANK0 ] unsigned char 
  exp2            1   51[BANK0 ] unsigned char 
  sign            1   50[BANK0 ] unsigned char 
 Return value:  Size  Location     Type
                  3   40[BANK0 ] float 
 Registers used:
		wreg, status,2, status,0, pclath, cstack
 Tracked objects:
		On entry : 
		On exit  : 
		Unchanged: 
 Data sizes:     COMMON   BANK0   BANK1   BANK3   BANK2
      Params:         0       6       0       0       0
      Locals:         0       3       0       0       0
      Temps:          0       4       0       0       0
      Totals:         0      13       0       0       0
Total ram usage:       13 bytes
 Hardware stack levels used:    1
 Hardware stack levels required when called:    1
 This function calls:
		___ftpack
 This function is called by:
		_sprintf
		___ftsub
 This function uses a non-reentrant model


 *************** function ___ftneg *****************
 Defined at:
		line 15 in file "C:\Program Files\Microchip\xc8\v2.31\pic\sources\c90\common\ftneg.c"
 Parameters:    Size  Location     Type
  f1              3    0[COMMON] float 
 Auto vars:     Size  Location     Type
		None
 Return value:  Size  Location     Type
                  3    0[COMMON] float 
 Registers used:
		wreg
 Tracked objects:
		On entry : 
		On exit  : 
		Unchanged: 
 Data sizes:     COMMON   BANK0   BANK1   BANK3   BANK2
      Params:         3       0       0       0       0
      Locals:         0       0       0       0       0
      Temps:          0       0       0       0       0
      Totals:         3       0       0       0       0
Total ram usage:        3 bytes
 Hardware stack levels used:    1
 This function calls:
		Nothing
 This function is called by:
		_sprintf
 This function uses a non-reentrant model


 *************** function ___ftge *****************
 Defined at:
		line 4 in file "C:\Program Files\Microchip\xc8\v2.31\pic\sources\c90\common\ftge.c"
 Parameters:    Size  Location     Type
  ff1             3    0[COMMON] float 
  ff2             3    3[COMMON] float 
 Auto vars:     Size  Location     Type
		None
 Return value:  Size  Location     Type
		None               void
 Registers used:
		wreg, status,2, status,0
 Tracked objects:
		On entry : 
		On exit  : 
		Unchanged: 
 Data sizes:     COMMON   BANK0   BANK1   BANK3   BANK2
      Params:         6       0       0       0       0
      Locals:         0       0       0       0       0
      Temps:          0       0       0       0       0
      Totals:         6       0       0       0       0
Total ram usage:        6 bytes
 Hardware stack levels used:    1
 This function calls:
		Nothing
 This function is called by:
		_sprintf
 This function uses a non-reentrant model


 *************** function _setup *****************
 Defined at:
		line 129 in file "master.c"
 Parameters:    Size  Location     Type
		None
 Auto vars:     Size  Location     Type
		None
 Return value:  Size  Location     Type
                  1    wreg      void 
 Registers used:
		wreg, status,2, status,0, pclath, cstack
 Tracked objects:
		On entry : 
		On exit  : 
		Unchanged: 
 Data sizes:     COMMON   BANK0   BANK1   BANK3   BANK2
      Params:         0       0       0       0       0
      Locals:         0       0       0       0       0
      Temps:          0       0       0       0       0
      Totals:         0       0       0       0       0
Total ram usage:        0 bytes
 Hardware stack levels used:    1
 Hardware stack levels required when called:    1
 This function calls:
		_spiInit
 This function is called by:
		_main
 This function uses a non-reentrant model


 *************** function _spiInit *****************
 Defined at:
		line 12 in file "SPI.c"
 Parameters:    Size  Location     Type
  sType           1    wreg     enum E1264
  sDataSample     1    0[COMMON] enum E1272
  sClockIdle      1    1[COMMON] enum E1276
  sTransmitEdg    1    2[COMMON] enum E1280
 Auto vars:     Size  Location     Type
  sType           1    3[COMMON] enum E1264
 Return value:  Size  Location     Type
                  1    wreg      void 
 Registers used:
		wreg, status,2, status,0
 Tracked objects:
		On entry : 
		On exit  : 
		Unchanged: 
 Data sizes:     COMMON   BANK0   BANK1   BANK3   BANK2
      Params:         3       0       0       0       0
      Locals:         1       0       0       0       0
      Temps:          0       0       0       0       0
      Totals:         4       0       0       0       0
Total ram usage:        4 bytes
 Hardware stack levels used:    1
 This function calls:
		Nothing
 This function is called by:
		_setup
 This function uses a non-reentrant model


 *************** function _set_cursor *****************
 Defined at:
		line 57 in file "LCD.c"
 Parameters:    Size  Location     Type
  a               1    wreg     unsigned char 
  b               1    4[COMMON] unsigned char 
 Auto vars:     Size  Location     Type
  a               1    6[COMMON] unsigned char 
  x               1    7[COMMON] unsigned char 
 Return value:  Size  Location     Type
                  1    wreg      void 
 Registers used:
		wreg, status,2, status,0, pclath, cstack
 Tracked objects:
		On entry : 
		On exit  : 
		Unchanged: 
 Data sizes:     COMMON   BANK0   BANK1   BANK3   BANK2
      Params:         1       0       0       0       0
      Locals:         2       0       0       0       0
      Temps:          1       0       0       0       0
      Totals:         4       0       0       0       0
Total ram usage:        4 bytes
 Hardware stack levels used:    1
 Hardware stack levels required when called:    2
 This function calls:
		_CMDs
 This function is called by:
		_main
 This function uses a non-reentrant model


 *************** function _contador *****************
 Defined at:
		line 90 in file "master.c"
 Parameters:    Size  Location     Type
		None
 Auto vars:     Size  Location     Type
		None
 Return value:  Size  Location     Type
                  1    wreg      void 
 Registers used:
		wreg, status,2, status,0, pclath, cstack
 Tracked objects:
		On entry : 
		On exit  : 
		Unchanged: 
 Data sizes:     COMMON   BANK0   BANK1   BANK3   BANK2
      Params:         0       0       0       0       0
      Locals:         0       0       0       0       0
      Temps:          2       0       0       0       0
      Totals:         2       0       0       0       0
Total ram usage:        2 bytes
 Hardware stack levels used:    1
 Hardware stack levels required when called:    2
 This function calls:
		_spiRead
		_spiWrite
 This function is called by:
		_main
 This function uses a non-reentrant model


 *************** function _config_txsta *****************
 Defined at:
		line 9 in file "USART.c"
 Parameters:    Size  Location     Type
		None
 Auto vars:     Size  Location     Type
		None
 Return value:  Size  Location     Type
                  1    wreg      void 
 Registers used:
		None
 Tracked objects:
		On entry : 
		On exit  : 
		Unchanged: 
 Data sizes:     COMMON   BANK0   BANK1   BANK3   BANK2
      Params:         0       0       0       0       0
      Locals:         0       0       0       0       0
      Temps:          0       0       0       0       0
      Totals:         0       0       0       0       0
Total ram usage:        0 bytes
 Hardware stack levels used:    1
 This function calls:
		Nothing
 This function is called by:
		_main
 This function uses a non-reentrant model


 *************** function _config_rcsta *****************
 Defined at:
		line 19 in file "USART.c"
 Parameters:    Size  Location     Type
		None
 Auto vars:     Size  Location     Type
		None
 Return value:  Size  Location     Type
                  1    wreg      void 
 Registers used:
		status,2
 Tracked objects:
		On entry : 
		On exit  : 
		Unchanged: 
 Data sizes:     COMMON   BANK0   BANK1   BANK3   BANK2
      Params:         0       0       0       0       0
      Locals:         0       0       0       0       0
      Temps:          0       0       0       0       0
      Totals:         0       0       0       0       0
Total ram usage:        0 bytes
 Hardware stack levels used:    1
 This function calls:
		Nothing
 This function is called by:
		_main
 This function uses a non-reentrant model


 *************** function _clear_LCD *****************
 Defined at:
		line 52 in file "LCD.c"
 Parameters:    Size  Location     Type
		None
 Auto vars:     Size  Location     Type
		None
 Return value:  Size  Location     Type
                  1    wreg      void 
 Registers used:
		wreg, status,2, status,0, pclath, cstack
 Tracked objects:
		On entry : 
		On exit  : 
		Unchanged: 
 Data sizes:     COMMON   BANK0   BANK1   BANK3   BANK2
      Params:         0       0       0       0       0
      Locals:         0       0       0       0       0
      Temps:          0       0       0       0       0
      Totals:         0       0       0       0       0
Total ram usage:        0 bytes
 Hardware stack levels used:    1
 Hardware stack levels required when called:    2
 This function calls:
		_CMDs
 This function is called by:
		_main
 This function uses a non-reentrant model


 *************** function __baudios *****************
 Defined at:
		line 5 in file "USART.c"
 Parameters:    Size  Location     Type
		None
 Auto vars:     Size  Location     Type
		None
 Return value:  Size  Location     Type
                  1    wreg      void 
 Registers used:
		wreg
 Tracked objects:
		On entry : 
		On exit  : 
		Unchanged: 
 Data sizes:     COMMON   BANK0   BANK1   BANK3   BANK2
      Params:         0       0       0       0       0
      Locals:         0       0       0       0       0
      Temps:          0       0       0       0       0
      Totals:         0       0       0       0       0
Total ram usage:        0 bytes
 Hardware stack levels used:    1
 This function calls:
		Nothing
 This function is called by:
		_main
 This function uses a non-reentrant model


 *************** function ___awtoft *****************
 Defined at:
		line 32 in file "C:\Program Files\Microchip\xc8\v2.31\pic\sources\c90\common\awtoft.c"
 Parameters:    Size  Location     Type
  c               2    8[COMMON] int 
 Auto vars:     Size  Location     Type
  sign            1   13[COMMON] unsigned char 
 Return value:  Size  Location     Type
                  3    8[COMMON] float 
 Registers used:
		wreg, status,2, status,0, pclath, cstack
 Tracked objects:
		On entry : 
		On exit  : 
		Unchanged: 
 Data sizes:     COMMON   BANK0   BANK1   BANK3   BANK2
      Params:         3       0       0       0       0
      Locals:         1       0       0       0       0
      Temps:          2       0       0       0       0
      Totals:         6       0       0       0       0
Total ram usage:        6 bytes
 Hardware stack levels used:    1
 Hardware stack levels required when called:    1
 This function calls:
		___ftpack
 This function is called by:
		_main
 This function uses a non-reentrant model


 *************** function ___ftpack *****************
 Defined at:
		line 62 in file "C:\Program Files\Microchip\xc8\v2.31\pic\sources\c90\common\float.c"
 Parameters:    Size  Location     Type
  arg             3    0[COMMON] unsigned um
  exp             1    3[COMMON] unsigned char 
  sign            1    4[COMMON] unsigned char 
 Auto vars:     Size  Location     Type
		None
 Return value:  Size  Location     Type
                  3    0[COMMON] float 
 Registers used:
		wreg, status,2, status,0
 Tracked objects:
		On entry : 
		On exit  : 
		Unchanged: 
 Data sizes:     COMMON   BANK0   BANK1   BANK3   BANK2
      Params:         5       0       0       0       0
      Locals:         0       0       0       0       0
      Temps:          3       0       0       0       0
      Totals:         8       0       0       0       0
Total ram usage:        8 bytes
 Hardware stack levels used:    1
 This function calls:
		Nothing
 This function is called by:
		___awtoft
		___ftadd
		___ftmul
		___lltoft
 This function uses a non-reentrant model


 *************** function _Write_USART_String *****************
 Defined at:
		line 30 in file "USART.c"
 Parameters:    Size  Location     Type
  a               2    1[COMMON] PTR unsigned char 
		 -> STR_3(13), BUFFER(20), 
 Auto vars:     Size  Location     Type
  i               1    4[COMMON] unsigned char 
 Return value:  Size  Location     Type
                  1    wreg      void 
 Registers used:
		wreg, fsr0l, fsr0h, status,2, status,0, btemp+1, pclath, cstack
 Tracked objects:
		On entry : 
		On exit  : 
		Unchanged: 
 Data sizes:     COMMON   BANK0   BANK1   BANK3   BANK2
      Params:         2       0       0       0       0
      Locals:         1       0       0       0       0
      Temps:          1       0       0       0       0
      Totals:         4       0       0       0       0
Total ram usage:        4 bytes
 Hardware stack levels used:    1
 Hardware stack levels required when called:    1
 This function calls:
		_Write_USART
 This function is called by:
		_main
 This function uses a non-reentrant model


 *************** function _Write_USART *****************
 Defined at:
		line 26 in file "USART.c"
 Parameters:    Size  Location     Type
  a               1    wreg     unsigned char 
 Auto vars:     Size  Location     Type
  a               1    0[COMMON] unsigned char 
 Return value:  Size  Location     Type
                  1    wreg      void 
 Registers used:
		wreg
 Tracked objects:
		On entry : 
		On exit  : 
		Unchanged: 
 Data sizes:     COMMON   BANK0   BANK1   BANK3   BANK2
      Params:         0       0       0       0       0
      Locals:         1       0       0       0       0
      Temps:          0       0       0       0       0
      Totals:         1       0       0       0       0
Total ram usage:        1 bytes
 Hardware stack levels used:    1
 This function calls:
		Nothing
 This function is called by:
		_main
		_Write_USART_String
 This function uses a non-reentrant model


 *************** function _LCD_init *****************
 Defined at:
		line 69 in file "LCD.c"
 Parameters:    Size  Location     Type
		None
 Auto vars:     Size  Location     Type
		None
 Return value:  Size  Location     Type
                  1    wreg      void 
 Registers used:
		wreg, status,2, status,0, pclath, cstack
 Tracked objects:
		On entry : 
		On exit  : 
		Unchanged: 
 Data sizes:     COMMON   BANK0   BANK1   BANK3   BANK2
      Params:         0       0       0       0       0
      Locals:         0       0       0       0       0
      Temps:          2       0       0       0       0
      Totals:         2       0       0       0       0
Total ram usage:        2 bytes
 Hardware stack levels used:    1
 Hardware stack levels required when called:    2
 This function calls:
		_CMDs
 This function is called by:
		_main
 This function uses a non-reentrant model


 *************** function _CMDs *****************
 Defined at:
		line 42 in file "LCD.c"
 Parameters:    Size  Location     Type
  a               1    wreg     unsigned char 
 Auto vars:     Size  Location     Type
  a               1    3[COMMON] unsigned char 
 Return value:  Size  Location     Type
                  1    wreg      void 
 Registers used:
		wreg, status,2, status,0, pclath, cstack
 Tracked objects:
		On entry : 
		On exit  : 
		Unchanged: 
 Data sizes:     COMMON   BANK0   BANK1   BANK3   BANK2
      Params:         0       0       0       0       0
      Locals:         1       0       0       0       0
      Temps:          2       0       0       0       0
      Totals:         3       0       0       0       0
Total ram usage:        3 bytes
 Hardware stack levels used:    1
 Hardware stack levels required when called:    1
 This function calls:
		_port
 This function is called by:
		_clear_LCD
		_set_cursor
		_LCD_init
 This function uses a non-reentrant model


 *************** function _port *****************
 Defined at:
		line 7 in file "LCD.c"
 Parameters:    Size  Location     Type
  a               1    wreg     unsigned char 
 Auto vars:     Size  Location     Type
  a               1    0[COMMON] unsigned char 
 Return value:  Size  Location     Type
                  1    wreg      void 
 Registers used:
		wreg
 Tracked objects:
		On entry : 
		On exit  : 
		Unchanged: 
 Data sizes:     COMMON   BANK0   BANK1   BANK3   BANK2
      Params:         0       0       0       0       0
      Locals:         1       0       0       0       0
      Temps:          0       0       0       0       0
      Totals:         1       0       0       0       0
Total ram usage:        1 bytes
 Hardware stack levels used:    1
 This function calls:
		Nothing
 This function is called by:
		_CMDs
		_write_char
 This function uses a non-reentrant model


 *************** function _ADCread *****************
 Defined at:
		line 102 in file "master.c"
 Parameters:    Size  Location     Type
		None
 Auto vars:     Size  Location     Type
		None
 Return value:  Size  Location     Type
                  1    wreg      void 
 Registers used:
		wreg, status,2, status,0, pclath, cstack
 Tracked objects:
		On entry : 
		On exit  : 
		Unchanged: 
 Data sizes:     COMMON   BANK0   BANK1   BANK3   BANK2
      Params:         0       0       0       0       0
      Locals:         0       0       0       0       0
      Temps:          2       0       0       0       0
      Totals:         2       0       0       0       0
Total ram usage:        2 bytes
 Hardware stack levels used:    1
 Hardware stack levels required when called:    2
 This function calls:
		_spiRead
		_spiWrite
 This function is called by:
		_main
 This function uses a non-reentrant model


 *************** function _spiWrite *****************
 Defined at:
		line 34 in file "SPI.c"
 Parameters:    Size  Location     Type
  dat             1    wreg     unsigned char 
 Auto vars:     Size  Location     Type
  dat             1    0[COMMON] unsigned char 
 Return value:  Size  Location     Type
                  1    wreg      void 
 Registers used:
		wreg
 Tracked objects:
		On entry : 
		On exit  : 
		Unchanged: 
 Data sizes:     COMMON   BANK0   BANK1   BANK3   BANK2
      Params:         0       0       0       0       0
      Locals:         1       0       0       0       0
      Temps:          0       0       0       0       0
      Totals:         1       0       0       0       0
Total ram usage:        1 bytes
 Hardware stack levels used:    1
 This function calls:
		Nothing
 This function is called by:
		_contador
		_ADCread
		_temperatura
 This function uses a non-reentrant model


 *************** function _spiRead *****************
 Defined at:
		line 47 in file "SPI.c"
 Parameters:    Size  Location     Type
		None
 Auto vars:     Size  Location     Type
		None
 Return value:  Size  Location     Type
                  1    wreg      unsigned char 
 Registers used:
		wreg, status,2, status,0, pclath, cstack
 Tracked objects:
		On entry : 
		On exit  : 
		Unchanged: 
 Data sizes:     COMMON   BANK0   BANK1   BANK3   BANK2
      Params:         0       0       0       0       0
      Locals:         0       0       0       0       0
      Temps:          0       0       0       0       0
      Totals:         0       0       0       0       0
Total ram usage:        0 bytes
 Hardware stack levels used:    1
 Hardware stack levels required when called:    1
 This function calls:
		_spiReceiveWait
 This function is called by:
		_contador
		_ADCread
		_temperatura
 This function uses a non-reentrant model


 *************** function _spiReceiveWait *****************
 Defined at:
		line 29 in file "SPI.c"
 Parameters:    Size  Location     Type
		None
 Auto vars:     Size  Location     Type
		None
 Return value:  Size  Location     Type
                  1    wreg      void 
 Registers used:
		None
 Tracked objects:
		On entry : 
		On exit  : 
		Unchanged: 
 Data sizes:     COMMON   BANK0   BANK1   BANK3   BANK2
      Params:         0       0       0       0       0
      Locals:         0       0       0       0       0
      Temps:          0       0       0       0       0
      Totals:         0       0       0       0       0
Total ram usage:        0 bytes
 Hardware stack levels used:    1
 This function calls:
		Nothing
 This function is called by:
		_spiRead
 This function uses a non-reentrant model



MODULE INFORMATION

Module		Function		Class		Link	Load	Size
USART.c
		_Write_USART_String		CODE           	1F0A	0000	43
		__baudios      		CODE           	1DAD	0000	5
		_Write_USART   		CODE           	1DEC	0000	12
		_config_rcsta  		CODE           	1DBF	0000	8
		_config_txsta  		CODE           	1DD8	0000	10

USART.c estimated size: 78

C:\Program Files\Microchip\xc8\v2.31\pic\sources\c90\common\__lldiv.c
		___lldiv       		CODE           	12EB	0000	102

C:\Program Files\Microchip\xc8\v2.31\pic\sources\c90\common\__lldiv.c estimated size: 102

C:\Program Files\Microchip\xc8\v2.31\pic\sources\c90\common\ftneg.c
		___ftneg       		CODE           	1DE2	0000	10

C:\Program Files\Microchip\xc8\v2.31\pic\sources\c90\common\ftneg.c estimated size: 10

C:\Program Files\Microchip\xc8\v2.31\pic\sources\c90\common\doprnt.c
		_scale         		CODE           	0A7D	0000	683
		_sprintf       		CODE           	0D28	0000	2430
		_fround        		CODE           	08DC	0000	417

C:\Program Files\Microchip\xc8\v2.31\pic\sources\c90\common\doprnt.c estimated size: 3530

C:\Program Files\Microchip\xc8\v2.31\pic\sources\c90\common\ftsub.c
		___ftsub       		CODE           	1EC0	0000	37

C:\Program Files\Microchip\xc8\v2.31\pic\sources\c90\common\ftsub.c estimated size: 37

C:\Program Files\Microchip\xc8\v2.31\pic\sources\c90\common\float.c
		___ftpack      		CODE           	13BA	0000	124

C:\Program Files\Microchip\xc8\v2.31\pic\sources\c90\common\float.c estimated size: 124

C:\Program Files\Microchip\xc8\v2.31\pic\sources\c90\common\ftdivl.c
		__tdiv_to_l_   		CODE           	081F	0000	189

C:\Program Files\Microchip\xc8\v2.31\pic\sources\c90\common\ftdivl.c estimated size: 189

C:\Program Files\Microchip\xc8\v2.31\pic\sources\c90\common\ftge.c
		___ftge        		CODE           	1FC8	0000	56

C:\Program Files\Microchip\xc8\v2.31\pic\sources\c90\common\ftge.c estimated size: 56

C:\Program Files\Microchip\xc8\v2.31\pic\sources\c90\common\lwmod.c
		___lwmod       		CODE           	10D8	0000	58

C:\Program Files\Microchip\xc8\v2.31\pic\sources\c90\common\lwmod.c estimated size: 58

C:\Program Files\Microchip\xc8\v2.31\pic\sources\c90\common\awmod.c
		___awmod       		CODE           	122C	0000	89

C:\Program Files\Microchip\xc8\v2.31\pic\sources\c90\common\awmod.c estimated size: 89

C:\Program Files\Microchip\xc8\v2.31\pic\sources\c90\common\Umul16.c
		___wmul        		CODE           	1EE5	0000	37

C:\Program Files\Microchip\xc8\v2.31\pic\sources\c90\common\Umul16.c estimated size: 37

C:\Program Files\Microchip\xc8\v2.31\pic\sources\c90\common\llmod.c
		___llmod       		CODE           	11D6	0000	86

C:\Program Files\Microchip\xc8\v2.31\pic\sources\c90\common\llmod.c estimated size: 86

C:\Program Files\Microchip\xc8\v2.31\pic\sources\c90\common\isdigit.c
		_isdigit       		CODE           	1DF8	0000	18

C:\Program Files\Microchip\xc8\v2.31\pic\sources\c90\common\isdigit.c estimated size: 18

C:\Program Files\Microchip\xc8\v2.31\pic\sources\c90\common\ftmul.c
		___ftmul       		CODE           	14C2	0000	229

C:\Program Files\Microchip\xc8\v2.31\pic\sources\c90\common\ftmul.c estimated size: 229

C:\Program Files\Microchip\xc8\v2.31\pic\sources\c90\common\fldivl.c
		__div_to_l_    		CODE           	15A7	0000	300

C:\Program Files\Microchip\xc8\v2.31\pic\sources\c90\common\fldivl.c estimated size: 300

C:\Program Files\Microchip\xc8\v2.31\pic\sources\c90\common\lwdiv.c
		___lwdiv       		CODE           	1192	0000	68

C:\Program Files\Microchip\xc8\v2.31\pic\sources\c90\common\lwdiv.c estimated size: 68

C:\Program Files\Microchip\xc8\v2.31\pic\sources\c90\common\awdiv.c
		___awdiv       		CODE           	1351	0000	105

C:\Program Files\Microchip\xc8\v2.31\pic\sources\c90\common\awdiv.c estimated size: 105

shared
		__stringtab    		STRING         	1000	0000	16
		__powers_      		STRING         	1010	0000	39
		_dpowers       		STRING         	105E	0000	40
		__npowers_     		STRING         	1037	0000	39
		__initialization		CODE           	07EE	0000	14

shared estimated size: 148

master.c
		_temperatura   		CODE           	10A6	0000	50
		_main          		CODE           	16D3	0000	301
		_ADCread       		CODE           	1F64	0000	50
		_contador      		CODE           	1F96	0000	50
		_setup         		CODE           	1E57	0000	32

master.c estimated size: 483

C:\Program Files\Microchip\xc8\v2.31\pic\sources\c90\common\Umul8.c
		___bmul        		CODE           	1E20	0000	23

C:\Program Files\Microchip\xc8\v2.31\pic\sources\c90\common\Umul8.c estimated size: 23

C:\Program Files\Microchip\xc8\v2.31\pic\sources\c90\common\awtoft.c
		___awtoft      		CODE           	1E9B	0000	37

C:\Program Files\Microchip\xc8\v2.31\pic\sources\c90\common\awtoft.c estimated size: 37

C:\Program Files\Microchip\xc8\v2.31\pic\sources\c90\common\fttol.c
		___fttol       		CODE           	1436	0000	140

C:\Program Files\Microchip\xc8\v2.31\pic\sources\c90\common\fttol.c estimated size: 140

SPI.c
		_spiWrite      		CODE           	1DB2	0000	6
		_spiInit       		CODE           	1E0A	0000	22
		_spiReceiveWait		CODE           	1DB8	0000	7
		_spiRead       		CODE           	1DCF	0000	9

SPI.c estimated size: 44

C:\Program Files\Microchip\xc8\v2.31\pic\sources\c90\common\ftadd.c
		___ftadd       		CODE           	0012	0000	310

C:\Program Files\Microchip\xc8\v2.31\pic\sources\c90\common\ftadd.c estimated size: 310

C:\Program Files\Microchip\xc8\v2.31\pic\sources\c90\common\lltoft.c
		___lltoft      		CODE           	1F35	0000	47

C:\Program Files\Microchip\xc8\v2.31\pic\sources\c90\common\lltoft.c estimated size: 47

LCD.c
		_CMDs          		CODE           	1E37	0000	32
		_set_cursor    		CODE           	1E77	0000	36
		_write_char    		CODE           	0803	0000	28
		_write_string  		CODE           	1150	0000	66
		_port          		CODE           	1112	0000	62
		_LCD_init      		CODE           	1285	0000	102
		_clear_LCD     		CODE           	0005	0000	13

LCD.c estimated size: 339

